Archive member included to satisfy reference by file (symbol)

//usr/lib/x86_64-linux-gnu/libc_nonshared.a(elf-init.oS)
                              /usr/lib/gcc/x86_64-linux-gnu/8/../../../x86_64-linux-gnu/Scrt1.o (__libc_csu_init)

Discarded input sections

 .note.GNU-stack
                0x0000000000000000        0x0 /usr/lib/gcc/x86_64-linux-gnu/8/../../../x86_64-linux-gnu/Scrt1.o
 .note.GNU-stack
                0x0000000000000000        0x0 /usr/lib/gcc/x86_64-linux-gnu/8/../../../x86_64-linux-gnu/crti.o
 .note.GNU-stack
                0x0000000000000000        0x0 /usr/lib/gcc/x86_64-linux-gnu/8/crtbeginS.o
 .group         0x0000000000000000        0x8 main.o
 .group         0x0000000000000000        0x8 main.o
 .group         0x0000000000000000        0x8 main.o
 .group         0x0000000000000000        0xc main.o
 .group         0x0000000000000000        0xc main.o
 .group         0x0000000000000000        0xc main.o
 .group         0x0000000000000000        0xc main.o
 .note.GNU-stack
                0x0000000000000000        0x0 main.o
 .group         0x0000000000000000        0x8 boo.o
 .note.GNU-stack
                0x0000000000000000        0x0 boo.o
 .group         0x0000000000000000        0x8 foo.o
 .text._ZNK5thingIjE2idEv
                0x0000000000000000        0xf foo.o
 .note.GNU-stack
                0x0000000000000000        0x0 foo.o
 .note.GNU-stack
                0x0000000000000000        0x0 //usr/lib/x86_64-linux-gnu/libc_nonshared.a(elf-init.oS)
 .note.GNU-stack
                0x0000000000000000        0x0 /usr/lib/gcc/x86_64-linux-gnu/8/crtendS.o
 .note.GNU-stack
                0x0000000000000000        0x0 /usr/lib/gcc/x86_64-linux-gnu/8/../../../x86_64-linux-gnu/crtn.o

Memory Configuration

Name             Origin             Length             Attributes
*default*        0x0000000000000000 0xffffffffffffffff

Linker script and memory map

LOAD /usr/lib/gcc/x86_64-linux-gnu/8/../../../x86_64-linux-gnu/Scrt1.o
LOAD /usr/lib/gcc/x86_64-linux-gnu/8/../../../x86_64-linux-gnu/crti.o
LOAD /usr/lib/gcc/x86_64-linux-gnu/8/crtbeginS.o
LOAD main.o
LOAD boo.o
LOAD foo.o
LOAD /usr/lib/gcc/x86_64-linux-gnu/8/libstdc++.so
LOAD /usr/lib/gcc/x86_64-linux-gnu/8/../../../x86_64-linux-gnu/libm.so
START GROUP
LOAD //lib/x86_64-linux-gnu/libm.so.6
LOAD //usr/lib/x86_64-linux-gnu/libmvec_nonshared.a
LOAD //lib/x86_64-linux-gnu/libmvec.so.1
END GROUP
LOAD /usr/lib/gcc/x86_64-linux-gnu/8/libgcc_s.so
START GROUP
LOAD /usr/lib/gcc/x86_64-linux-gnu/8/libgcc_s.so.1
LOAD /usr/lib/gcc/x86_64-linux-gnu/8/libgcc.a
END GROUP
LOAD /usr/lib/gcc/x86_64-linux-gnu/8/libgcc.a
LOAD /usr/lib/gcc/x86_64-linux-gnu/8/../../../x86_64-linux-gnu/libc.so
START GROUP
LOAD //lib/x86_64-linux-gnu/libc.so.6
LOAD //usr/lib/x86_64-linux-gnu/libc_nonshared.a
LOAD //lib/x86_64-linux-gnu/ld-linux-x86-64.so.2
END GROUP
LOAD /usr/lib/gcc/x86_64-linux-gnu/8/libgcc_s.so
START GROUP
LOAD /usr/lib/gcc/x86_64-linux-gnu/8/libgcc_s.so.1
LOAD /usr/lib/gcc/x86_64-linux-gnu/8/libgcc.a
END GROUP
LOAD /usr/lib/gcc/x86_64-linux-gnu/8/libgcc.a
LOAD /usr/lib/gcc/x86_64-linux-gnu/8/crtendS.o
LOAD /usr/lib/gcc/x86_64-linux-gnu/8/../../../x86_64-linux-gnu/crtn.o
                [!provide]                        PROVIDE (__executable_start = SEGMENT_START ("text-segment", 0x0))
                0x00000000000002a8                . = (SEGMENT_START ("text-segment", 0x0) + SIZEOF_HEADERS)

.interp         0x00000000000002a8       0x1c
 *(.interp)
 .interp        0x00000000000002a8       0x1c /usr/lib/gcc/x86_64-linux-gnu/8/../../../x86_64-linux-gnu/Scrt1.o

.note.ABI-tag   0x00000000000002c4       0x20
 .note.ABI-tag  0x00000000000002c4       0x20 /usr/lib/gcc/x86_64-linux-gnu/8/../../../x86_64-linux-gnu/Scrt1.o

.note.gnu.build-id
                0x00000000000002e4       0x24
 *(.note.gnu.build-id)
 .note.gnu.build-id
                0x00000000000002e4       0x24 /usr/lib/gcc/x86_64-linux-gnu/8/../../../x86_64-linux-gnu/Scrt1.o

.hash
 *(.hash)

.gnu.hash       0x0000000000000308       0x28
 *(.gnu.hash)
 .gnu.hash      0x0000000000000308       0x28 /usr/lib/gcc/x86_64-linux-gnu/8/../../../x86_64-linux-gnu/Scrt1.o

.dynsym         0x0000000000000330      0x168
 *(.dynsym)
 .dynsym        0x0000000000000330      0x168 /usr/lib/gcc/x86_64-linux-gnu/8/../../../x86_64-linux-gnu/Scrt1.o

.dynstr         0x0000000000000498      0x19e
 *(.dynstr)
 .dynstr        0x0000000000000498      0x19e /usr/lib/gcc/x86_64-linux-gnu/8/../../../x86_64-linux-gnu/Scrt1.o

.gnu.version    0x0000000000000636       0x1e
 *(.gnu.version)
 .gnu.version   0x0000000000000636       0x1e /usr/lib/gcc/x86_64-linux-gnu/8/../../../x86_64-linux-gnu/Scrt1.o

.gnu.version_d  0x0000000000000658        0x0
 *(.gnu.version_d)
 .gnu.version_d
                0x0000000000000658        0x0 /usr/lib/gcc/x86_64-linux-gnu/8/../../../x86_64-linux-gnu/Scrt1.o

.gnu.version_r  0x0000000000000658       0x40
 *(.gnu.version_r)
 .gnu.version_r
                0x0000000000000658       0x40 /usr/lib/gcc/x86_64-linux-gnu/8/../../../x86_64-linux-gnu/Scrt1.o

.rela.dyn       0x0000000000000698      0x120
 *(.rela.init)
 *(.rela.text .rela.text.* .rela.gnu.linkonce.t.*)
 .rela.text     0x0000000000000698        0x0 /usr/lib/gcc/x86_64-linux-gnu/8/../../../x86_64-linux-gnu/Scrt1.o
 *(.rela.fini)
 *(.rela.rodata .rela.rodata.* .rela.gnu.linkonce.r.*)
 *(.rela.data .rela.data.* .rela.gnu.linkonce.d.*)
 .rela.data.rel.ro
                0x0000000000000698        0x0 /usr/lib/gcc/x86_64-linux-gnu/8/../../../x86_64-linux-gnu/Scrt1.o
 .rela.data.rel.local
                0x0000000000000698       0x18 /usr/lib/gcc/x86_64-linux-gnu/8/../../../x86_64-linux-gnu/Scrt1.o
 *(.rela.tdata .rela.tdata.* .rela.gnu.linkonce.td.*)
 *(.rela.tbss .rela.tbss.* .rela.gnu.linkonce.tb.*)
 *(.rela.ctors)
 *(.rela.dtors)
 *(.rela.got)
 .rela.got      0x00000000000006b0       0xa8 /usr/lib/gcc/x86_64-linux-gnu/8/../../../x86_64-linux-gnu/Scrt1.o
 *(.rela.bss .rela.bss.* .rela.gnu.linkonce.b.*)
 .rela.bss      0x0000000000000758       0x18 /usr/lib/gcc/x86_64-linux-gnu/8/../../../x86_64-linux-gnu/Scrt1.o
 *(.rela.ldata .rela.ldata.* .rela.gnu.linkonce.l.*)
 *(.rela.lbss .rela.lbss.* .rela.gnu.linkonce.lb.*)
 *(.rela.lrodata .rela.lrodata.* .rela.gnu.linkonce.lr.*)
 *(.rela.ifunc)
 .rela.ifunc    0x0000000000000770        0x0 /usr/lib/gcc/x86_64-linux-gnu/8/../../../x86_64-linux-gnu/Scrt1.o
 .rela.fini_array
                0x0000000000000770       0x18 /usr/lib/gcc/x86_64-linux-gnu/8/../../../x86_64-linux-gnu/Scrt1.o
 .rela.init_array
                0x0000000000000788       0x30 /usr/lib/gcc/x86_64-linux-gnu/8/../../../x86_64-linux-gnu/Scrt1.o

.rela.plt       0x00000000000007b8       0x90
 *(.rela.plt)
 .rela.plt      0x00000000000007b8       0x90 /usr/lib/gcc/x86_64-linux-gnu/8/../../../x86_64-linux-gnu/Scrt1.o
                [!provide]                        PROVIDE (__rela_iplt_start = .)
 *(.rela.iplt)
                [!provide]                        PROVIDE (__rela_iplt_end = .)
                0x0000000000001000                . = ALIGN (CONSTANT (MAXPAGESIZE))

.init           0x0000000000001000       0x17
 *(SORT_NONE(.init))
 .init          0x0000000000001000       0x12 /usr/lib/gcc/x86_64-linux-gnu/8/../../../x86_64-linux-gnu/crti.o
                0x0000000000001000                _init
 .init          0x0000000000001012        0x5 /usr/lib/gcc/x86_64-linux-gnu/8/../../../x86_64-linux-gnu/crtn.o

.plt            0x0000000000001020       0x70
 *(.plt)
 .plt           0x0000000000001020       0x70 /usr/lib/gcc/x86_64-linux-gnu/8/../../../x86_64-linux-gnu/Scrt1.o
                0x0000000000001030                std::ostream::operator<<(std::ios_base& (*)(std::ios_base&))@@GLIBCXX_3.4
                0x0000000000001040                __cxa_atexit@@GLIBC_2.2.5
                0x0000000000001050                std::ostream::operator<<(std::ostream& (*)(std::ostream&))@@GLIBCXX_3.4
                0x0000000000001060                std::basic_ostream<char, std::char_traits<char> >& std::operator<< <std::char_traits<char> >(std::basic_ostream<char, std::char_traits<char> >&, char)@@GLIBCXX_3.4
                0x0000000000001070                std::ostream::operator<<(unsigned int)@@GLIBCXX_3.4
                0x0000000000001080                std::ios_base::Init::Init()@@GLIBCXX_3.4
 *(.iplt)

.plt.got        0x0000000000001090        0x8
 *(.plt.got)
 .plt.got       0x0000000000001090        0x8 /usr/lib/gcc/x86_64-linux-gnu/8/../../../x86_64-linux-gnu/Scrt1.o
                0x0000000000001090                __cxa_finalize@@GLIBC_2.2.5

.plt.sec
 *(.plt.sec)

.text           0x00000000000010a0      0x381
 *(.text.unlikely .text.*_unlikely .text.unlikely.*)
 *(.text.exit .text.exit.*)
 *(.text.startup .text.startup.*)
 *(.text.hot .text.hot.*)
 *(.text .stub .text.* .gnu.linkonce.t.*)
 .text          0x00000000000010a0       0x2b /usr/lib/gcc/x86_64-linux-gnu/8/../../../x86_64-linux-gnu/Scrt1.o
                0x00000000000010a0                _start
 .text          0x00000000000010cb        0x0 /usr/lib/gcc/x86_64-linux-gnu/8/../../../x86_64-linux-gnu/crti.o
 *fill*         0x00000000000010cb        0x5 
 .text          0x00000000000010d0       0xb5 /usr/lib/gcc/x86_64-linux-gnu/8/crtbeginS.o
 .text          0x0000000000001185       0xd9 main.o
                0x0000000000001185                main
 .text._ZStanSt13_Ios_FmtflagsS_
                0x000000000000125e       0x12 main.o
                0x000000000000125e                std::operator&(std::_Ios_Fmtflags, std::_Ios_Fmtflags)
 .text._ZStorSt13_Ios_FmtflagsS_
                0x0000000000001270       0x12 main.o
                0x0000000000001270                std::operator|(std::_Ios_Fmtflags, std::_Ios_Fmtflags)
 .text._ZStcoSt13_Ios_Fmtflags
                0x0000000000001282        0xe main.o
                0x0000000000001282                std::operator~(std::_Ios_Fmtflags)
 .text._ZStoRRSt13_Ios_FmtflagsS_
                0x0000000000001290       0x2f main.o
                0x0000000000001290                std::operator|=(std::_Ios_Fmtflags&, std::_Ios_Fmtflags)
 .text._ZStaNRSt13_Ios_FmtflagsS_
                0x00000000000012bf       0x2f main.o
                0x00000000000012bf                std::operator&=(std::_Ios_Fmtflags&, std::_Ios_Fmtflags)
 .text._ZNSt8ios_base4setfESt13_Ios_FmtflagsS0_
                0x00000000000012ee       0x62 main.o
                0x00000000000012ee                std::ios_base::setf(std::_Ios_Fmtflags, std::_Ios_Fmtflags)
 .text._ZSt3hexRSt8ios_base
                0x0000000000001350       0x28 main.o
                0x0000000000001350                std::hex(std::ios_base&)
 .text          0x0000000000001378       0x17 boo.o
                0x0000000000001378                boo()
 *fill*         0x000000000000138f        0x1 
 .text._ZNK5thingIjE2idEv
                0x0000000000001390        0xf boo.o
                0x0000000000001390                thing<unsigned int>::id() const
 .text          0x000000000000139f       0x17 foo.o
                0x000000000000139f                foo()
 *fill*         0x00000000000013b6        0xa 
 .text          0x00000000000013c0       0x61 //usr/lib/x86_64-linux-gnu/libc_nonshared.a(elf-init.oS)
                0x00000000000013c0                __libc_csu_init
                0x0000000000001420                __libc_csu_fini
 .text          0x0000000000001421        0x0 /usr/lib/gcc/x86_64-linux-gnu/8/crtendS.o
 .text          0x0000000000001421        0x0 /usr/lib/gcc/x86_64-linux-gnu/8/../../../x86_64-linux-gnu/crtn.o
 *(.gnu.warning)

.fini           0x0000000000001424        0x9
 *(SORT_NONE(.fini))
 .fini          0x0000000000001424        0x4 /usr/lib/gcc/x86_64-linux-gnu/8/../../../x86_64-linux-gnu/crti.o
                0x0000000000001424                _fini
 .fini          0x0000000000001428        0x5 /usr/lib/gcc/x86_64-linux-gnu/8/../../../x86_64-linux-gnu/crtn.o
                [!provide]                        PROVIDE (__etext = .)
                [!provide]                        PROVIDE (_etext = .)
                [!provide]                        PROVIDE (etext = .)
                0x0000000000002000                . = ALIGN (CONSTANT (MAXPAGESIZE))
                0x0000000000002000                . = SEGMENT_START ("rodata-segment", (ALIGN (CONSTANT (MAXPAGESIZE)) + (. & (CONSTANT (MAXPAGESIZE) - 0x1))))

.rodata         0x0000000000002000        0x5
 *(.rodata .rodata.* .gnu.linkonce.r.*)
 .rodata.cst4   0x0000000000002000        0x4 /usr/lib/gcc/x86_64-linux-gnu/8/../../../x86_64-linux-gnu/Scrt1.o
                0x0000000000002000                _IO_stdin_used
 .rodata        0x0000000000002004        0x1 main.o

.rodata1
 *(.rodata1)

.eh_frame_hdr   0x0000000000002008       0x9c
 *(.eh_frame_hdr)
 .eh_frame_hdr  0x0000000000002008       0x9c /usr/lib/gcc/x86_64-linux-gnu/8/../../../x86_64-linux-gnu/Scrt1.o
                0x0000000000002008                __GNU_EH_FRAME_HDR
 *(.eh_frame_entry .eh_frame_entry.*)

.eh_frame       0x00000000000020a8      0x290
 *(.eh_frame)
 .eh_frame      0x00000000000020a8       0x30 /usr/lib/gcc/x86_64-linux-gnu/8/../../../x86_64-linux-gnu/Scrt1.o
                                         0x2c (size before relaxing)
 *fill*         0x00000000000020d8        0x0 
 .eh_frame      0x00000000000020d8       0x40 /usr/lib/gcc/x86_64-linux-gnu/8/../../../x86_64-linux-gnu/Scrt1.o
 .eh_frame      0x0000000000002118       0x18 /usr/lib/gcc/x86_64-linux-gnu/8/../../../x86_64-linux-gnu/Scrt1.o
                                         0x30 (size before relaxing)
 .eh_frame      0x0000000000002130      0x148 main.o
                                        0x160 (size before relaxing)
 .eh_frame      0x0000000000002278       0x40 boo.o
                                         0x58 (size before relaxing)
 .eh_frame      0x00000000000022b8       0x20 foo.o
                                         0x58 (size before relaxing)
 .eh_frame      0x00000000000022d8       0x5c //usr/lib/x86_64-linux-gnu/libc_nonshared.a(elf-init.oS)
                                         0x78 (size before relaxing)
 .eh_frame      0x0000000000002334        0x4 /usr/lib/gcc/x86_64-linux-gnu/8/crtendS.o
 *(.eh_frame.*)

.gcc_except_table
 *(.gcc_except_table .gcc_except_table.*)

.gnu_extab
 *(.gnu_extab*)

.exception_ranges
 *(.exception_ranges .exception_ranges*)
                0x0000000000003da0                . = DATA_SEGMENT_ALIGN (CONSTANT (MAXPAGESIZE), CONSTANT (COMMONPAGESIZE))

.eh_frame
 *(.eh_frame)
 *(.eh_frame.*)

.gnu_extab
 *(.gnu_extab)

.gcc_except_table
 *(.gcc_except_table .gcc_except_table.*)

.exception_ranges
 *(.exception_ranges .exception_ranges*)

.tdata          0x0000000000003da0        0x0
                [!provide]                        PROVIDE (__tdata_start = .)
 *(.tdata .tdata.* .gnu.linkonce.td.*)

.tbss
 *(.tbss .tbss.* .gnu.linkonce.tb.*)
 *(.tcommon)

.preinit_array  0x0000000000003da0        0x0
                [!provide]                        PROVIDE (__preinit_array_start = .)
 *(.preinit_array)
                [!provide]                        PROVIDE (__preinit_array_end = .)

.init_array     0x0000000000003da0       0x10
                0x0000000000003da0                PROVIDE (__init_array_start = .)
 *(SORT_BY_INIT_PRIORITY(.init_array.*) SORT_BY_INIT_PRIORITY(.ctors.*))
 *(.init_array EXCLUDE_FILE(*crtend?.o *crtend.o *crtbegin?.o *crtbegin.o) .ctors)
 .init_array    0x0000000000003da0        0x8 /usr/lib/gcc/x86_64-linux-gnu/8/crtbeginS.o
 .init_array    0x0000000000003da8        0x8 main.o
                0x0000000000003db0                PROVIDE (__init_array_end = .)

.fini_array     0x0000000000003db0        0x8
                [!provide]                        PROVIDE (__fini_array_start = .)
 *(SORT_BY_INIT_PRIORITY(.fini_array.*) SORT_BY_INIT_PRIORITY(.dtors.*))
 *(.fini_array EXCLUDE_FILE(*crtend?.o *crtend.o *crtbegin?.o *crtbegin.o) .dtors)
 .fini_array    0x0000000000003db0        0x8 /usr/lib/gcc/x86_64-linux-gnu/8/crtbeginS.o
                [!provide]                        PROVIDE (__fini_array_end = .)

.ctors
 *crtbegin.o(.ctors)
 *crtbegin?.o(.ctors)
 *(EXCLUDE_FILE(*crtend?.o *crtend.o) .ctors)
 *(SORT_BY_NAME(.ctors.*))
 *(.ctors)

.dtors
 *crtbegin.o(.dtors)
 *crtbegin?.o(.dtors)
 *(EXCLUDE_FILE(*crtend?.o *crtend.o) .dtors)
 *(SORT_BY_NAME(.dtors.*))
 *(.dtors)

.jcr
 *(.jcr)

.data.rel.ro    0x0000000000003db8        0x0
 *(.data.rel.ro.local* .gnu.linkonce.d.rel.ro.local.*)
 *(.data.rel.ro .data.rel.ro.* .gnu.linkonce.d.rel.ro.*)
 .data.rel.ro   0x0000000000003db8        0x0 /usr/lib/gcc/x86_64-linux-gnu/8/../../../x86_64-linux-gnu/Scrt1.o

.dynamic        0x0000000000003db8      0x210
 *(.dynamic)
 .dynamic       0x0000000000003db8      0x210 /usr/lib/gcc/x86_64-linux-gnu/8/../../../x86_64-linux-gnu/Scrt1.o
                0x0000000000003db8                _DYNAMIC

.got            0x0000000000003fc8       0x38
 *(.got)
 .got           0x0000000000003fc8       0x38 /usr/lib/gcc/x86_64-linux-gnu/8/../../../x86_64-linux-gnu/Scrt1.o
 *(.igot)
                0x0000000000004fe8                . = DATA_SEGMENT_RELRO_END (., (SIZEOF (.got.plt) >= 0x18)?0x18:0x0)

.got.plt        0x0000000000004000       0x48
 *(.got.plt)
 .got.plt       0x0000000000004000       0x48 /usr/lib/gcc/x86_64-linux-gnu/8/../../../x86_64-linux-gnu/Scrt1.o
                0x0000000000004000                _GLOBAL_OFFSET_TABLE_
 *(.igot.plt)

.data           0x0000000000004048       0x10
 *(.data .data.* .gnu.linkonce.d.*)
 .data          0x0000000000004048        0x4 /usr/lib/gcc/x86_64-linux-gnu/8/../../../x86_64-linux-gnu/Scrt1.o
                0x0000000000004048                data_start
                0x0000000000004048                __data_start
 .data          0x000000000000404c        0x0 /usr/lib/gcc/x86_64-linux-gnu/8/../../../x86_64-linux-gnu/crti.o
 .data          0x000000000000404c        0x0 /usr/lib/gcc/x86_64-linux-gnu/8/crtbeginS.o
 *fill*         0x000000000000404c        0x4 
 .data.rel.local
                0x0000000000004050        0x8 /usr/lib/gcc/x86_64-linux-gnu/8/crtbeginS.o
                0x0000000000004050                __dso_handle
 .data          0x0000000000004058        0x0 main.o
 .data          0x0000000000004058        0x0 boo.o
 .data          0x0000000000004058        0x0 foo.o
 .data          0x0000000000004058        0x0 //usr/lib/x86_64-linux-gnu/libc_nonshared.a(elf-init.oS)
 .data          0x0000000000004058        0x0 /usr/lib/gcc/x86_64-linux-gnu/8/crtendS.o
 .data          0x0000000000004058        0x0 /usr/lib/gcc/x86_64-linux-gnu/8/../../../x86_64-linux-gnu/crtn.o

.tm_clone_table
                0x0000000000004058        0x0
 .tm_clone_table
                0x0000000000004058        0x0 /usr/lib/gcc/x86_64-linux-gnu/8/crtbeginS.o
 .tm_clone_table
                0x0000000000004058        0x0 /usr/lib/gcc/x86_64-linux-gnu/8/crtendS.o

.data1
 *(.data1)
                0x0000000000004058                _edata = .
                [!provide]                        PROVIDE (edata = .)
                0x0000000000004058                . = .
                0x0000000000004058                __bss_start = .

.bss            0x0000000000004060      0x118
 *(.dynbss)
 .dynbss        0x0000000000004060      0x110 /usr/lib/gcc/x86_64-linux-gnu/8/../../../x86_64-linux-gnu/Scrt1.o
                0x0000000000004060                std::cout@@GLIBCXX_3.4
 *(.bss .bss.* .gnu.linkonce.b.*)
 .bss           0x0000000000004170        0x0 /usr/lib/gcc/x86_64-linux-gnu/8/../../../x86_64-linux-gnu/Scrt1.o
 .bss           0x0000000000004170        0x0 /usr/lib/gcc/x86_64-linux-gnu/8/../../../x86_64-linux-gnu/crti.o
 .bss           0x0000000000004170        0x1 /usr/lib/gcc/x86_64-linux-gnu/8/crtbeginS.o
 .bss           0x0000000000004171        0x1 main.o
 .bss           0x0000000000004172        0x0 boo.o
 .bss           0x0000000000004172        0x0 foo.o
 .bss           0x0000000000004172        0x0 //usr/lib/x86_64-linux-gnu/libc_nonshared.a(elf-init.oS)
 .bss           0x0000000000004172        0x0 /usr/lib/gcc/x86_64-linux-gnu/8/crtendS.o
 .bss           0x0000000000004172        0x0 /usr/lib/gcc/x86_64-linux-gnu/8/../../../x86_64-linux-gnu/crtn.o
 *(COMMON)
                0x0000000000004178                . = ALIGN ((. != 0x0)?0x8:0x1)
 *fill*         0x0000000000004172        0x6 

.lbss
 *(.dynlbss)
 *(.lbss .lbss.* .gnu.linkonce.lb.*)
 *(LARGE_COMMON)
                0x0000000000004178                . = ALIGN (0x8)
                0x0000000000004178                . = SEGMENT_START ("ldata-segment", .)

.lrodata
 *(.lrodata .lrodata.* .gnu.linkonce.lr.*)

.ldata          0x0000000000006178        0x0
 *(.ldata .ldata.* .gnu.linkonce.l.*)
                0x0000000000006178                . = ALIGN ((. != 0x0)?0x8:0x1)
                0x0000000000006178                . = ALIGN (0x8)
                0x0000000000006178                _end = .
                [!provide]                        PROVIDE (end = .)
                0x0000000000006178                . = DATA_SEGMENT_END (.)

.stab
 *(.stab)

.stabstr
 *(.stabstr)

.stab.excl
 *(.stab.excl)

.stab.exclstr
 *(.stab.exclstr)

.stab.index
 *(.stab.index)

.stab.indexstr
 *(.stab.indexstr)

.comment        0x0000000000000000       0x1c
 *(.comment)
 .comment       0x0000000000000000       0x1c /usr/lib/gcc/x86_64-linux-gnu/8/crtbeginS.o
                                         0x1d (size before relaxing)
 .comment       0x000000000000001c       0x1d main.o
 .comment       0x000000000000001c       0x1d boo.o
 .comment       0x000000000000001c       0x1d foo.o
 .comment       0x000000000000001c       0x1d /usr/lib/gcc/x86_64-linux-gnu/8/crtendS.o

.debug
 *(.debug)

.line
 *(.line)

.debug_srcinfo
 *(.debug_srcinfo)

.debug_sfnames
 *(.debug_sfnames)

.debug_aranges
 *(.debug_aranges)

.debug_pubnames
 *(.debug_pubnames)

.debug_info
 *(.debug_info .gnu.linkonce.wi.*)

.debug_abbrev
 *(.debug_abbrev)

.debug_line
 *(.debug_line .debug_line.* .debug_line_end)

.debug_frame
 *(.debug_frame)

.debug_str
 *(.debug_str)

.debug_loc
 *(.debug_loc)

.debug_macinfo
 *(.debug_macinfo)

.debug_weaknames
 *(.debug_weaknames)

.debug_funcnames
 *(.debug_funcnames)

.debug_typenames
 *(.debug_typenames)

.debug_varnames
 *(.debug_varnames)

.debug_pubtypes
 *(.debug_pubtypes)

.debug_ranges
 *(.debug_ranges)

.debug_macro
 *(.debug_macro)

.debug_addr
 *(.debug_addr)

.gnu.attributes
 *(.gnu.attributes)

/DISCARD/
 *(.note.GNU-stack)
 *(.gnu_debuglink)
 *(.gnu.lto_*)
OUTPUT(prog elf64-x86-64)
